Archive member included to satisfy reference by file (symbol)

c:/program files (x86)/atmel/studio/7.0/toolchain/avr8/avr8-gnu-toolchain/bin/../lib/gcc/avr/5.4.0/avr51\libgcc.a(_udivmodhi4.o)
                              queue.o (__udivmodhi4)
c:/program files (x86)/atmel/studio/7.0/toolchain/avr8/avr8-gnu-toolchain/bin/../lib/gcc/avr/5.4.0/avr51\libgcc.a(_exit.o)
                              C:/Program Files (x86)/Atmel/Studio/7.0/Packs/atmel/ATmega_DFP/1.7.374/gcc/dev/atmega128/avr51/crtatmega128.o (exit)
c:/program files (x86)/atmel/studio/7.0/toolchain/avr8/avr8-gnu-toolchain/bin/../lib/gcc/avr/5.4.0/avr51\libgcc.a(_copy_data.o)
                              main.o (__do_copy_data)
c:/program files (x86)/atmel/studio/7.0/toolchain/avr8/avr8-gnu-toolchain/bin/../lib/gcc/avr/5.4.0/avr51\libgcc.a(_clear_bss.o)
                              heap_1.o (__do_clear_bss)
c:/program files (x86)/atmel/studio/7.0/toolchain/avr8/avr8-gnu-toolchain/bin/../lib/gcc/avr/5.4.0/../../../../avr/lib/avr51\libc.a(memcpy.o)
                              queue.o (memcpy)

Discarded input sections

 .data          0x00000000        0x0 C:/Program Files (x86)/Atmel/Studio/7.0/Packs/atmel/ATmega_DFP/1.7.374/gcc/dev/atmega128/avr51/crtatmega128.o
 .bss           0x00000000        0x0 C:/Program Files (x86)/Atmel/Studio/7.0/Packs/atmel/ATmega_DFP/1.7.374/gcc/dev/atmega128/avr51/crtatmega128.o
 .text          0x00000000        0x0 heap_1.o
 .data          0x00000000        0x0 heap_1.o
 .bss           0x00000000        0x0 heap_1.o
 .text.vPortInitialiseBlocks
                0x00000000        0xa heap_1.o
 .text.xPortGetFreeHeapSize
                0x00000000       0x12 heap_1.o
 .text.vPortHeapResetState
                0x00000000        0xa heap_1.o
 .text          0x00000000        0x0 list.o
 .data          0x00000000        0x0 list.o
 .bss           0x00000000        0x0 list.o
 .text.vListInsertEnd
                0x00000000       0x42 list.o
 .text          0x00000000        0x0 main.o
 .data          0x00000000        0x0 main.o
 .bss           0x00000000        0x0 main.o
 .text          0x00000000        0x0 port.o
 .data          0x00000000        0x0 port.o
 .bss           0x00000000        0x0 port.o
 .text.vPortEndScheduler
                0x00000000        0x2 port.o
 .text          0x00000000        0x0 queue.o
 .data          0x00000000        0x0 queue.o
 .bss           0x00000000        0x0 queue.o
 .text.prvIsQueueEmpty
                0x00000000       0x1a queue.o
 .text.prvIsQueueFull
                0x00000000       0x1c queue.o
 .text.prvCopyDataToQueue
                0x00000000       0x92 queue.o
 .text.prvCopyDataFromQueue
                0x00000000       0x34 queue.o
 .text.prvUnlockQueue
                0x00000000       0x68 queue.o
 .text.xQueueGenericReset
                0x00000000       0xc0 queue.o
 .text.prvInitialiseNewQueue
                0x00000000       0x26 queue.o
 .text.xQueueGenericCreate
                0x00000000       0x8c queue.o
 .text.xQueueGenericSend
                0x00000000      0x124 queue.o
 .text.xQueueGenericSendFromISR
                0x00000000       0x84 queue.o
 .text.xQueueGiveFromISR
                0x00000000       0x70 queue.o
 .text.xQueueReceive
                0x00000000      0x11e queue.o
 .text.xQueueSemaphoreTake
                0x00000000      0x106 queue.o
 .text.xQueuePeek
                0x00000000      0x122 queue.o
 .text.xQueueReceiveFromISR
                0x00000000       0x7a queue.o
 .text.xQueuePeekFromISR
                0x00000000       0x2e queue.o
 .text.uxQueueMessagesWaiting
                0x00000000       0x10 queue.o
 .text.uxQueueSpacesAvailable
                0x00000000       0x16 queue.o
 .text.uxQueueMessagesWaitingFromISR
                0x00000000        0x6 queue.o
 .text.vQueueDelete
                0x00000000        0x6 queue.o
 .text.uxQueueGetQueueItemSize
                0x00000000        0x6 queue.o
 .text.uxQueueGetQueueLength
                0x00000000        0x6 queue.o
 .text.xQueueIsQueueEmptyFromISR
                0x00000000       0x10 queue.o
 .text.xQueueIsQueueFullFromISR
                0x00000000       0x12 queue.o
 .debug_info    0x00000000     0x153d queue.o
 .debug_abbrev  0x00000000      0x227 queue.o
 .debug_loc     0x00000000     0x190c queue.o
 .debug_aranges
                0x00000000       0xd8 queue.o
 .debug_ranges  0x00000000      0x110 queue.o
 .debug_line    0x00000000      0xb14 queue.o
 .debug_str     0x00000000      0x7e1 queue.o
 .comment       0x00000000       0x31 queue.o
 .debug_frame   0x00000000      0x31c queue.o
 .text          0x00000000        0x0 tasks.o
 .data          0x00000000        0x0 tasks.o
 .bss           0x00000000        0x0 tasks.o
 .text.prvTaskIsTaskSuspended
                0x00000000       0x4c tasks.o
 .text.vTaskDelete
                0x00000000       0xb2 tasks.o
 .text.uxTaskPriorityGet
                0x00000000       0x1e tasks.o
 .text.uxTaskPriorityGetFromISR
                0x00000000       0x14 tasks.o
 .text.vTaskPrioritySet
                0x00000000      0x136 tasks.o
 .text.vTaskResume
                0x00000000       0xcc tasks.o
 .text.vTaskEndScheduler
                0x00000000       0x30 tasks.o
 .text.xTaskGetTickCount
                0x00000000       0x14 tasks.o
 .text.xTaskGetTickCountFromISR
                0x00000000        0xa tasks.o
 .text.uxTaskGetNumberOfTasks
                0x00000000        0x6 tasks.o
 .text.pcTaskGetName
                0x00000000       0x10 tasks.o
 .text.xTaskPeriodicDelay
                0x00000000       0x72 tasks.o
 .text.xTaskDelayUntil
                0x00000000       0x84 tasks.o
 .text.xTaskCatchUpTicks
                0x00000000       0x32 tasks.o
 .text.vTaskSuspend
                0x00000000       0xc2 tasks.o
 .text.vTaskPlaceOnEventList
                0x00000000       0x24 tasks.o
 .text.vTaskPlaceOnUnorderedEventList
                0x00000000       0x8c tasks.o
 .text.xTaskRemoveFromEventList
                0x00000000      0x17a tasks.o
 .text.vTaskRemoveFromUnorderedEventList
                0x00000000      0x14c tasks.o
 .text.vTaskSetTimeOutState
                0x00000000       0x20 tasks.o
 .text.vTaskInternalSetTimeOutState
                0x00000000       0x16 tasks.o
 .text.xTaskCheckForTimeOut
                0x00000000       0x7e tasks.o
 .text.vTaskMissedYield
                0x00000000        0x8 tasks.o
 .text.uxTaskResetEventItemValue
                0x00000000       0x2e tasks.o
 .text.ulTaskGenericNotifyTake
                0x00000000      0x140 tasks.o
 .text.xTaskGenericNotifyWait
                0x00000000      0x186 tasks.o
 .text.xTaskGenericNotify
                0x00000000      0x20a tasks.o
 .text.xTaskGenericNotifyFromISR
                0x00000000      0x260 tasks.o
 .text.vTaskGenericNotifyGiveFromISR
                0x00000000      0x194 tasks.o
 .text.xTaskGenericNotifyStateClear
                0x00000000       0x34 tasks.o
 .text.ulTaskGenericNotifyValueClear
                0x00000000       0x6c tasks.o
 .text.vTaskResetState
                0x00000000       0x56 tasks.o
 .text          0x00000000        0x0 c:/program files (x86)/atmel/studio/7.0/toolchain/avr8/avr8-gnu-toolchain/bin/../lib/gcc/avr/5.4.0/avr51\libgcc.a(_udivmodhi4.o)
 .data          0x00000000        0x0 c:/program files (x86)/atmel/studio/7.0/toolchain/avr8/avr8-gnu-toolchain/bin/../lib/gcc/avr/5.4.0/avr51\libgcc.a(_udivmodhi4.o)
 .bss           0x00000000        0x0 c:/program files (x86)/atmel/studio/7.0/toolchain/avr8/avr8-gnu-toolchain/bin/../lib/gcc/avr/5.4.0/avr51\libgcc.a(_udivmodhi4.o)
 .text.libgcc.mul
                0x00000000        0x0 c:/program files (x86)/atmel/studio/7.0/toolchain/avr8/avr8-gnu-toolchain/bin/../lib/gcc/avr/5.4.0/avr51\libgcc.a(_udivmodhi4.o)
 .text.libgcc.div
                0x00000000       0x28 c:/program files (x86)/atmel/studio/7.0/toolchain/avr8/avr8-gnu-toolchain/bin/../lib/gcc/avr/5.4.0/avr51\libgcc.a(_udivmodhi4.o)
 .text.libgcc   0x00000000        0x0 c:/program files (x86)/atmel/studio/7.0/toolchain/avr8/avr8-gnu-toolchain/bin/../lib/gcc/avr/5.4.0/avr51\libgcc.a(_udivmodhi4.o)
 .text.libgcc.prologue
                0x00000000        0x0 c:/program files (x86)/atmel/studio/7.0/toolchain/avr8/avr8-gnu-toolchain/bin/../lib/gcc/avr/5.4.0/avr51\libgcc.a(_udivmodhi4.o)
 .text.libgcc.builtins
                0x00000000        0x0 c:/program files (x86)/atmel/studio/7.0/toolchain/avr8/avr8-gnu-toolchain/bin/../lib/gcc/avr/5.4.0/avr51\libgcc.a(_udivmodhi4.o)
 .text.libgcc.fmul
                0x00000000        0x0 c:/program files (x86)/atmel/studio/7.0/toolchain/avr8/avr8-gnu-toolchain/bin/../lib/gcc/avr/5.4.0/avr51\libgcc.a(_udivmodhi4.o)
 .text.libgcc.fixed
                0x00000000        0x0 c:/program files (x86)/atmel/studio/7.0/toolchain/avr8/avr8-gnu-toolchain/bin/../lib/gcc/avr/5.4.0/avr51\libgcc.a(_udivmodhi4.o)
 .text          0x00000000        0x0 c:/program files (x86)/atmel/studio/7.0/toolchain/avr8/avr8-gnu-toolchain/bin/../lib/gcc/avr/5.4.0/avr51\libgcc.a(_exit.o)
 .data          0x00000000        0x0 c:/program files (x86)/atmel/studio/7.0/toolchain/avr8/avr8-gnu-toolchain/bin/../lib/gcc/avr/5.4.0/avr51\libgcc.a(_exit.o)
 .bss           0x00000000        0x0 c:/program files (x86)/atmel/studio/7.0/toolchain/avr8/avr8-gnu-toolchain/bin/../lib/gcc/avr/5.4.0/avr51\libgcc.a(_exit.o)
 .text.libgcc.mul
                0x00000000        0x0 c:/program files (x86)/atmel/studio/7.0/toolchain/avr8/avr8-gnu-toolchain/bin/../lib/gcc/avr/5.4.0/avr51\libgcc.a(_exit.o)
 .text.libgcc.div
                0x00000000        0x0 c:/program files (x86)/atmel/studio/7.0/toolchain/avr8/avr8-gnu-toolchain/bin/../lib/gcc/avr/5.4.0/avr51\libgcc.a(_exit.o)
 .text.libgcc   0x00000000        0x0 c:/program files (x86)/atmel/studio/7.0/toolchain/avr8/avr8-gnu-toolchain/bin/../lib/gcc/avr/5.4.0/avr51\libgcc.a(_exit.o)
 .text.libgcc.prologue
                0x00000000        0x0 c:/program files (x86)/atmel/studio/7.0/toolchain/avr8/avr8-gnu-toolchain/bin/../lib/gcc/avr/5.4.0/avr51\libgcc.a(_exit.o)
 .text.libgcc.builtins
                0x00000000        0x0 c:/program files (x86)/atmel/studio/7.0/toolchain/avr8/avr8-gnu-toolchain/bin/../lib/gcc/avr/5.4.0/avr51\libgcc.a(_exit.o)
 .text.libgcc.fmul
                0x00000000        0x0 c:/program files (x86)/atmel/studio/7.0/toolchain/avr8/avr8-gnu-toolchain/bin/../lib/gcc/avr/5.4.0/avr51\libgcc.a(_exit.o)
 .text.libgcc.fixed
                0x00000000        0x0 c:/program files (x86)/atmel/studio/7.0/toolchain/avr8/avr8-gnu-toolchain/bin/../lib/gcc/avr/5.4.0/avr51\libgcc.a(_exit.o)
 .text          0x00000000        0x0 c:/program files (x86)/atmel/studio/7.0/toolchain/avr8/avr8-gnu-toolchain/bin/../lib/gcc/avr/5.4.0/avr51\libgcc.a(_copy_data.o)
 .data          0x00000000        0x0 c:/program files (x86)/atmel/studio/7.0/toolchain/avr8/avr8-gnu-toolchain/bin/../lib/gcc/avr/5.4.0/avr51\libgcc.a(_copy_data.o)
 .bss           0x00000000        0x0 c:/program files (x86)/atmel/studio/7.0/toolchain/avr8/avr8-gnu-toolchain/bin/../lib/gcc/avr/5.4.0/avr51\libgcc.a(_copy_data.o)
 .text.libgcc.mul
                0x00000000        0x0 c:/program files (x86)/atmel/studio/7.0/toolchain/avr8/avr8-gnu-toolchain/bin/../lib/gcc/avr/5.4.0/avr51\libgcc.a(_copy_data.o)
 .text.libgcc.div
                0x00000000        0x0 c:/program files (x86)/atmel/studio/7.0/toolchain/avr8/avr8-gnu-toolchain/bin/../lib/gcc/avr/5.4.0/avr51\libgcc.a(_copy_data.o)
 .text.libgcc   0x00000000        0x0 c:/program files (x86)/atmel/studio/7.0/toolchain/avr8/avr8-gnu-toolchain/bin/../lib/gcc/avr/5.4.0/avr51\libgcc.a(_copy_data.o)
 .text.libgcc.prologue
                0x00000000        0x0 c:/program files (x86)/atmel/studio/7.0/toolchain/avr8/avr8-gnu-toolchain/bin/../lib/gcc/avr/5.4.0/avr51\libgcc.a(_copy_data.o)
 .text.libgcc.builtins
                0x00000000        0x0 c:/program files (x86)/atmel/studio/7.0/toolchain/avr8/avr8-gnu-toolchain/bin/../lib/gcc/avr/5.4.0/avr51\libgcc.a(_copy_data.o)
 .text.libgcc.fmul
                0x00000000        0x0 c:/program files (x86)/atmel/studio/7.0/toolchain/avr8/avr8-gnu-toolchain/bin/../lib/gcc/avr/5.4.0/avr51\libgcc.a(_copy_data.o)
 .text.libgcc.fixed
                0x00000000        0x0 c:/program files (x86)/atmel/studio/7.0/toolchain/avr8/avr8-gnu-toolchain/bin/../lib/gcc/avr/5.4.0/avr51\libgcc.a(_copy_data.o)
 .text          0x00000000        0x0 c:/program files (x86)/atmel/studio/7.0/toolchain/avr8/avr8-gnu-toolchain/bin/../lib/gcc/avr/5.4.0/avr51\libgcc.a(_clear_bss.o)
 .data          0x00000000        0x0 c:/program files (x86)/atmel/studio/7.0/toolchain/avr8/avr8-gnu-toolchain/bin/../lib/gcc/avr/5.4.0/avr51\libgcc.a(_clear_bss.o)
 .bss           0x00000000        0x0 c:/program files (x86)/atmel/studio/7.0/toolchain/avr8/avr8-gnu-toolchain/bin/../lib/gcc/avr/5.4.0/avr51\libgcc.a(_clear_bss.o)
 .text.libgcc.mul
                0x00000000        0x0 c:/program files (x86)/atmel/studio/7.0/toolchain/avr8/avr8-gnu-toolchain/bin/../lib/gcc/avr/5.4.0/avr51\libgcc.a(_clear_bss.o)
 .text.libgcc.div
                0x00000000        0x0 c:/program files (x86)/atmel/studio/7.0/toolchain/avr8/avr8-gnu-toolchain/bin/../lib/gcc/avr/5.4.0/avr51\libgcc.a(_clear_bss.o)
 .text.libgcc   0x00000000        0x0 c:/program files (x86)/atmel/studio/7.0/toolchain/avr8/avr8-gnu-toolchain/bin/../lib/gcc/avr/5.4.0/avr51\libgcc.a(_clear_bss.o)
 .text.libgcc.prologue
                0x00000000        0x0 c:/program files (x86)/atmel/studio/7.0/toolchain/avr8/avr8-gnu-toolchain/bin/../lib/gcc/avr/5.4.0/avr51\libgcc.a(_clear_bss.o)
 .text.libgcc.builtins
                0x00000000        0x0 c:/program files (x86)/atmel/studio/7.0/toolchain/avr8/avr8-gnu-toolchain/bin/../lib/gcc/avr/5.4.0/avr51\libgcc.a(_clear_bss.o)
 .text.libgcc.fmul
                0x00000000        0x0 c:/program files (x86)/atmel/studio/7.0/toolchain/avr8/avr8-gnu-toolchain/bin/../lib/gcc/avr/5.4.0/avr51\libgcc.a(_clear_bss.o)
 .text.libgcc.fixed
                0x00000000        0x0 c:/program files (x86)/atmel/studio/7.0/toolchain/avr8/avr8-gnu-toolchain/bin/../lib/gcc/avr/5.4.0/avr51\libgcc.a(_clear_bss.o)
 .text          0x00000000        0x0 c:/program files (x86)/atmel/studio/7.0/toolchain/avr8/avr8-gnu-toolchain/bin/../lib/gcc/avr/5.4.0/../../../../avr/lib/avr51\libc.a(memcpy.o)
 .data          0x00000000        0x0 c:/program files (x86)/atmel/studio/7.0/toolchain/avr8/avr8-gnu-toolchain/bin/../lib/gcc/avr/5.4.0/../../../../avr/lib/avr51\libc.a(memcpy.o)
 .bss           0x00000000        0x0 c:/program files (x86)/atmel/studio/7.0/toolchain/avr8/avr8-gnu-toolchain/bin/../lib/gcc/avr/5.4.0/../../../../avr/lib/avr51\libc.a(memcpy.o)
 .text.avr-libc
                0x00000000       0x12 c:/program files (x86)/atmel/studio/7.0/toolchain/avr8/avr8-gnu-toolchain/bin/../lib/gcc/avr/5.4.0/../../../../avr/lib/avr51\libc.a(memcpy.o)

Memory Configuration

Name             Origin             Length             Attributes
text             0x00000000         0x00020000         xr
data             0x00800100         0x00001000         rw !x
eeprom           0x00810000         0x00001000         rw !x
fuse             0x00820000         0x00000003         rw !x
lock             0x00830000         0x00000400         rw !x
signature        0x00840000         0x00000400         rw !x
user_signatures  0x00850000         0x00000400         rw !x
*default*        0x00000000         0xffffffff

Linker script and memory map

Address of section .data set to 0x800100
LOAD C:/Program Files (x86)/Atmel/Studio/7.0/Packs/atmel/ATmega_DFP/1.7.374/gcc/dev/atmega128/avr51/crtatmega128.o
LOAD heap_1.o
LOAD list.o
LOAD main.o
LOAD port.o
LOAD queue.o
LOAD tasks.o
START GROUP
LOAD c:/program files (x86)/atmel/studio/7.0/toolchain/avr8/avr8-gnu-toolchain/bin/../lib/gcc/avr/5.4.0/../../../../avr/lib/avr51\libm.a
END GROUP
START GROUP
LOAD c:/program files (x86)/atmel/studio/7.0/toolchain/avr8/avr8-gnu-toolchain/bin/../lib/gcc/avr/5.4.0/avr51\libgcc.a
LOAD c:/program files (x86)/atmel/studio/7.0/toolchain/avr8/avr8-gnu-toolchain/bin/../lib/gcc/avr/5.4.0/../../../../avr/lib/avr51\libm.a
LOAD c:/program files (x86)/atmel/studio/7.0/toolchain/avr8/avr8-gnu-toolchain/bin/../lib/gcc/avr/5.4.0/../../../../avr/lib/avr51\libc.a
LOAD C:/Program Files (x86)/Atmel/Studio/7.0/Packs/atmel/ATmega_DFP/1.7.374/gcc/dev/atmega128/avr51\libatmega128.a
END GROUP
                0x00000000                __TEXT_REGION_ORIGIN__ = DEFINED (__TEXT_REGION_ORIGIN__)?__TEXT_REGION_ORIGIN__:0x0
                [0x00800100]                __DATA_REGION_ORIGIN__ = DEFINED (__DATA_REGION_ORIGIN__)?__DATA_REGION_ORIGIN__:0x800100
                [0x00020000]                __TEXT_REGION_LENGTH__ = DEFINED (__TEXT_REGION_LENGTH__)?__TEXT_REGION_LENGTH__:0x20000
                [0x00001000]                __DATA_REGION_LENGTH__ = DEFINED (__DATA_REGION_LENGTH__)?__DATA_REGION_LENGTH__:0xff00
                [0x00001000]                __EEPROM_REGION_LENGTH__ = DEFINED (__EEPROM_REGION_LENGTH__)?__EEPROM_REGION_LENGTH__:0x10000
                [0x00000003]                __FUSE_REGION_LENGTH__ = DEFINED (__FUSE_REGION_LENGTH__)?__FUSE_REGION_LENGTH__:0x400
                0x00000400                __LOCK_REGION_LENGTH__ = DEFINED (__LOCK_REGION_LENGTH__)?__LOCK_REGION_LENGTH__:0x400
                0x00000400                __SIGNATURE_REGION_LENGTH__ = DEFINED (__SIGNATURE_REGION_LENGTH__)?__SIGNATURE_REGION_LENGTH__:0x400
                0x00000400                __USER_SIGNATURE_REGION_LENGTH__ = DEFINED (__USER_SIGNATURE_REGION_LENGTH__)?__USER_SIGNATURE_REGION_LENGTH__:0x400

.hash
 *(.hash)

.dynsym
 *(.dynsym)

.dynstr
 *(.dynstr)

.gnu.version
 *(.gnu.version)

.gnu.version_d
 *(.gnu.version_d)

.gnu.version_r
 *(.gnu.version_r)

.rel.init
 *(.rel.init)

.rela.init
 *(.rela.init)

.rel.text
 *(.rel.text)
 *(.rel.text.*)
 *(.rel.gnu.linkonce.t*)

.rela.text
 *(.rela.text)
 *(.rela.text.*)
 *(.rela.gnu.linkonce.t*)

.rel.fini
 *(.rel.fini)

.rela.fini
 *(.rela.fini)

.rel.rodata
 *(.rel.rodata)
 *(.rel.rodata.*)
 *(.rel.gnu.linkonce.r*)

.rela.rodata
 *(.rela.rodata)
 *(.rela.rodata.*)
 *(.rela.gnu.linkonce.r*)

.rel.data
 *(.rel.data)
 *(.rel.data.*)
 *(.rel.gnu.linkonce.d*)

.rela.data
 *(.rela.data)
 *(.rela.data.*)
 *(.rela.gnu.linkonce.d*)

.rel.ctors
 *(.rel.ctors)

.rela.ctors
 *(.rela.ctors)

.rel.dtors
 *(.rel.dtors)

.rela.dtors
 *(.rela.dtors)

.rel.got
 *(.rel.got)

.rela.got
 *(.rela.got)

.rel.bss
 *(.rel.bss)

.rela.bss
 *(.rela.bss)

.rel.plt
 *(.rel.plt)

.rela.plt
 *(.rela.plt)

.text           0x00000000      0xf14
 *(.vectors)
 .vectors       0x00000000       0x8c C:/Program Files (x86)/Atmel/Studio/7.0/Packs/atmel/ATmega_DFP/1.7.374/gcc/dev/atmega128/avr51/crtatmega128.o
                0x00000000                __vector_default
                0x00000000                __vectors
 *(.vectors)
 *(.progmem.gcc*)
                0x0000008c                . = ALIGN (0x2)
                0x0000008c                __trampolines_start = .
 *(.trampolines)
 .trampolines   0x0000008c        0x0 linker stubs
 *(.trampolines*)
                0x0000008c                __trampolines_end = .
 *libprintf_flt.a:*(.progmem.data)
 *libc.a:*(.progmem.data)
 *(.progmem*)
                0x0000008c                . = ALIGN (0x2)
 *(.jumptables)
 *(.jumptables*)
 *(.lowtext)
 *(.lowtext*)
                0x0000008c                __ctors_start = .
 *(.ctors)
                0x0000008c                __ctors_end = .
                0x0000008c                __dtors_start = .
 *(.dtors)
                0x0000008c                __dtors_end = .
 SORT(*)(.ctors)
 SORT(*)(.dtors)
 *(.init0)
 .init0         0x0000008c        0x0 C:/Program Files (x86)/Atmel/Studio/7.0/Packs/atmel/ATmega_DFP/1.7.374/gcc/dev/atmega128/avr51/crtatmega128.o
                0x0000008c                __init
 *(.init0)
 *(.init1)
 *(.init1)
 *(.init2)
 .init2         0x0000008c        0xc C:/Program Files (x86)/Atmel/Studio/7.0/Packs/atmel/ATmega_DFP/1.7.374/gcc/dev/atmega128/avr51/crtatmega128.o
 *(.init2)
 *(.init3)
 *(.init3)
 *(.init4)
 .init4         0x00000098       0x1a c:/program files (x86)/atmel/studio/7.0/toolchain/avr8/avr8-gnu-toolchain/bin/../lib/gcc/avr/5.4.0/avr51\libgcc.a(_copy_data.o)
                0x00000098                __do_copy_data
 .init4         0x000000b2       0x10 c:/program files (x86)/atmel/studio/7.0/toolchain/avr8/avr8-gnu-toolchain/bin/../lib/gcc/avr/5.4.0/avr51\libgcc.a(_clear_bss.o)
                0x000000b2                __do_clear_bss
 *(.init4)
 *(.init5)
 *(.init5)
 *(.init6)
 *(.init6)
 *(.init7)
 *(.init7)
 *(.init8)
 *(.init8)
 *(.init9)
 .init9         0x000000c2        0x4 C:/Program Files (x86)/Atmel/Studio/7.0/Packs/atmel/ATmega_DFP/1.7.374/gcc/dev/atmega128/avr51/crtatmega128.o
 *(.init9)
 *(.text)
 .text          0x000000c6        0x2 C:/Program Files (x86)/Atmel/Studio/7.0/Packs/atmel/ATmega_DFP/1.7.374/gcc/dev/atmega128/avr51/crtatmega128.o
                0x000000c6                __vector_22
                0x000000c6                __vector_28
                0x000000c6                __vector_1
                0x000000c6                __vector_32
                0x000000c6                __vector_34
                0x000000c6                __vector_24
                0x000000c6                __bad_interrupt
                0x000000c6                __vector_6
                0x000000c6                __vector_31
                0x000000c6                __vector_3
                0x000000c6                __vector_23
                0x000000c6                __vector_30
                0x000000c6                __vector_25
                0x000000c6                __vector_11
                0x000000c6                __vector_13
                0x000000c6                __vector_17
                0x000000c6                __vector_19
                0x000000c6                __vector_7
                0x000000c6                __vector_27
                0x000000c6                __vector_5
                0x000000c6                __vector_33
                0x000000c6                __vector_4
                0x000000c6                __vector_9
                0x000000c6                __vector_2
                0x000000c6                __vector_21
                0x000000c6                __vector_15
                0x000000c6                __vector_29
                0x000000c6                __vector_8
                0x000000c6                __vector_26
                0x000000c6                __vector_14
                0x000000c6                __vector_10
                0x000000c6                __vector_16
                0x000000c6                __vector_18
                0x000000c6                __vector_20
                0x000000c8                . = ALIGN (0x2)
 *(.text.*)
 .text.pvPortMalloc
                0x000000c8       0x7c heap_1.o
                0x000000c8                pvPortMalloc
 .text.vPortFree
                0x00000144        0x2 heap_1.o
                0x00000144                vPortFree
 .text.vListInitialise
                0x00000146       0x1c list.o
                0x00000146                vListInitialise
 .text.vListInitialiseItem
                0x00000162        0x8 list.o
                0x00000162                vListInitialiseItem
 .text.vListInsert
                0x0000016a       0x62 list.o
                0x0000016a                vListInsert
 .text.uxListRemove
                0x000001cc       0x4c list.o
                0x000001cc                uxListRemove
 .text.vLEDBlinkTask
                0x00000218       0x14 main.o
                0x00000218                vLEDBlinkTask
 .text.main     0x0000022c       0x1a main.o
                0x0000022c                main
 .text.prvSetupTimerInterrupt
                0x00000246       0x12 port.o
 .text.pxPortInitialiseStack
                0x00000258       0xd8 port.o
                0x00000258                pxPortInitialiseStack
 .text.xPortStartScheduler
                0x00000330       0x5c port.o
                0x00000330                xPortStartScheduler
 .text.vPortYield
                0x0000038c       0xb0 port.o
                0x0000038c                vPortYield
 .text.vPortYieldFromTick
                0x0000043c       0xb4 port.o
                0x0000043c                vPortYieldFromTick
 .text.__vector_12
                0x000004f0        0x4 port.o
                0x000004f0                __vector_12
 .text.prvResetNextTaskUnblockTime
                0x000004f4       0x38 tasks.o
 .text.prvDeleteTCB
                0x0000052c       0x16 tasks.o
 .text.prvInitialiseNewTask
                0x00000542       0xba tasks.o
 .text.prvCreateTask
                0x000005fc       0x92 tasks.o
 .text.prvInitialiseTaskLists
                0x0000068e       0x62 tasks.o
 .text.prvAddNewTaskToReadyList
                0x000006f0       0xf6 tasks.o
 .text.prvCheckTasksWaitingTermination
                0x000007e6       0x48 tasks.o
 .text.prvIdleTask
                0x0000082e        0xe tasks.o
 .text.prvAddCurrentTaskToDelayedList
                0x0000083c      0x110 tasks.o
 .text.xTaskCreate
                0x0000094c       0x1c tasks.o
                0x0000094c                xTaskCreate
 .text.prvCreateIdleTasks
                0x00000968       0xac tasks.o
 .text.vTaskStartScheduler
                0x00000a14       0x2a tasks.o
                0x00000a14                vTaskStartScheduler
 .text.vTaskSuspendAll
                0x00000a3e        0xc tasks.o
                0x00000a3e                vTaskSuspendAll
 .text.xTaskIncrementTick
                0x00000a4a      0x232 tasks.o
                0x00000a4a                xTaskIncrementTick
 .text.xTaskResumeAll
                0x00000c7c      0x1ac tasks.o
                0x00000c7c                xTaskResumeAll
 .text.vTaskDelay
                0x00000e28       0x24 tasks.o
                0x00000e28                vTaskDelay
 .text.vTaskSwitchContext
                0x00000e4c       0xc4 tasks.o
                0x00000e4c                vTaskSwitchContext
                0x00000f10                . = ALIGN (0x2)
 *(.fini9)
 .fini9         0x00000f10        0x0 c:/program files (x86)/atmel/studio/7.0/toolchain/avr8/avr8-gnu-toolchain/bin/../lib/gcc/avr/5.4.0/avr51\libgcc.a(_exit.o)
                0x00000f10                _exit
                0x00000f10                exit
 *(.fini9)
 *(.fini8)
 *(.fini8)
 *(.fini7)
 *(.fini7)
 *(.fini6)
 *(.fini6)
 *(.fini5)
 *(.fini5)
 *(.fini4)
 *(.fini4)
 *(.fini3)
 *(.fini3)
 *(.fini2)
 *(.fini2)
 *(.fini1)
 *(.fini1)
 *(.fini0)
 .fini0         0x00000f10        0x4 c:/program files (x86)/atmel/studio/7.0/toolchain/avr8/avr8-gnu-toolchain/bin/../lib/gcc/avr/5.4.0/avr51\libgcc.a(_exit.o)
 *(.fini0)
                0x00000f14                _etext = .

.data           0x00800100        0xe load address 0x00000f14
                0x00800100                PROVIDE (__data_start, .)
 *(.data)
 *(.data*)
 .data.uxTopUsedPriority
                0x00800100        0x1 tasks.o
 *(.gnu.linkonce.d*)
 *(.rodata)
 *(.rodata*)
 .rodata.str1.1
                0x00800101        0x8 main.o
 .rodata.str1.1
                0x00800109        0x5 tasks.o
 *(.gnu.linkonce.r*)
                0x0080010e                . = ALIGN (0x2)
                0x0080010e                _edata = .
                0x0080010e                PROVIDE (__data_end, .)

.bss            0x0080010e      0x647
                0x0080010e                PROVIDE (__bss_start, .)
 *(.bss)
 *(.bss*)
 .bss.pucAlignedHeap.2090
                0x0080010e        0x2 heap_1.o
 .bss.xNextFreeByte
                0x00800110        0x2 heap_1.o
 .bss.ucHeap    0x00800112      0x5dc heap_1.o
 .bss.uxSchedulerSuspended
                0x008006ee        0x1 tasks.o
 .bss.xIdleTaskHandles
                0x008006ef        0x2 tasks.o
 .bss.xNextTaskUnblockTime
                0x008006f1        0x2 tasks.o
 .bss.uxTaskNumber
                0x008006f3        0x1 tasks.o
 .bss.xNumOfOverflows
                0x008006f4        0x1 tasks.o
 .bss.xYieldPendings
                0x008006f5        0x1 tasks.o
 .bss.xPendedTicks
                0x008006f6        0x2 tasks.o
 .bss.xSchedulerRunning
                0x008006f8        0x1 tasks.o
 .bss.uxTopReadyPriority
                0x008006f9        0x1 tasks.o
 .bss.xTickCount
                0x008006fa        0x2 tasks.o
 .bss.uxCurrentNumberOfTasks
                0x008006fc        0x1 tasks.o
 .bss.xSuspendedTaskList
                0x008006fd        0x9 tasks.o
 .bss.uxDeletedTasksWaitingCleanUp
                0x00800706        0x1 tasks.o
 .bss.xTasksWaitingTermination
                0x00800707        0x9 tasks.o
 .bss.xPendingReadyList
                0x00800710        0x9 tasks.o
 .bss.pxOverflowDelayedTaskList
                0x00800719        0x2 tasks.o
 .bss.pxDelayedTaskList
                0x0080071b        0x2 tasks.o
 .bss.xDelayedTaskList2
                0x0080071d        0x9 tasks.o
 .bss.xDelayedTaskList1
                0x00800726        0x9 tasks.o
 .bss.pxReadyTasksLists
                0x0080072f       0x24 tasks.o
 .bss.pxCurrentTCB
                0x00800753        0x2 tasks.o
                0x00800753                pxCurrentTCB
 *(COMMON)
                0x00800755                PROVIDE (__bss_end, .)
                0x00000f14                __data_load_start = LOADADDR (.data)
                0x00000f22                __data_load_end = (__data_load_start + SIZEOF (.data))

.noinit         0x00800755        0x0
                [!provide]                PROVIDE (__noinit_start, .)
 *(.noinit*)
                [!provide]                PROVIDE (__noinit_end, .)
                0x00800755                _end = .
                [!provide]                PROVIDE (__heap_start, .)

.eeprom         0x00810000        0x0
 *(.eeprom*)
                0x00810000                __eeprom_end = .

.fuse
 *(.fuse)
 *(.lfuse)
 *(.hfuse)
 *(.efuse)

.lock
 *(.lock*)

.signature
 *(.signature*)

.user_signatures
 *(.user_signatures*)

.stab
 *(.stab)

.stabstr
 *(.stabstr)

.stab.excl
 *(.stab.excl)

.stab.exclstr
 *(.stab.exclstr)

.stab.index
 *(.stab.index)

.stab.indexstr
 *(.stab.indexstr)

.comment        0x00000000       0x30
 *(.comment)
 .comment       0x00000000       0x30 heap_1.o
                                 0x31 (size before relaxing)
 .comment       0x00000030       0x31 list.o
 .comment       0x00000030       0x31 main.o
 .comment       0x00000030       0x31 port.o
 .comment       0x00000030       0x31 tasks.o

.note.gnu.avr.deviceinfo
                0x00000000       0x3c
 .note.gnu.avr.deviceinfo
                0x00000000       0x3c C:/Program Files (x86)/Atmel/Studio/7.0/Packs/atmel/ATmega_DFP/1.7.374/gcc/dev/atmega128/avr51/crtatmega128.o

.note.gnu.build-id
 *(.note.gnu.build-id)

.debug
 *(.debug)

.line
 *(.line)

.debug_srcinfo
 *(.debug_srcinfo)

.debug_sfnames
 *(.debug_sfnames)

.debug_aranges  0x00000000      0x298
 *(.debug_aranges)
 .debug_aranges
                0x00000000       0x40 heap_1.o
 .debug_aranges
                0x00000040       0x40 list.o
 .debug_aranges
                0x00000080       0x28 main.o
 .debug_aranges
                0x000000a8       0x50 port.o
 .debug_aranges
                0x000000f8      0x1a0 tasks.o

.debug_pubnames
 *(.debug_pubnames)

.debug_info     0x00000000     0x303d
 *(.debug_info .gnu.linkonce.wi.*)
 .debug_info    0x00000000      0x780 C:/Program Files (x86)/Atmel/Studio/7.0/Packs/atmel/ATmega_DFP/1.7.374/gcc/dev/atmega128/avr51/crtatmega128.o
 .debug_info    0x00000780      0x1ba heap_1.o
 .debug_info    0x0000093a      0x2d3 list.o
 .debug_info    0x00000c0d      0x17e main.o
 .debug_info    0x00000d8b      0x24e port.o
 .debug_info    0x00000fd9     0x2064 tasks.o

.debug_abbrev   0x00000000      0xe12
 *(.debug_abbrev)
 .debug_abbrev  0x00000000      0x718 C:/Program Files (x86)/Atmel/Studio/7.0/Packs/atmel/ATmega_DFP/1.7.374/gcc/dev/atmega128/avr51/crtatmega128.o
 .debug_abbrev  0x00000718      0x11c heap_1.o
 .debug_abbrev  0x00000834       0xf8 list.o
 .debug_abbrev  0x0000092c       0xcc main.o
 .debug_abbrev  0x000009f8      0x143 port.o
 .debug_abbrev  0x00000b3b      0x2d7 tasks.o

.debug_line     0x00000000     0x1e77
 *(.debug_line .debug_line.* .debug_line_end)
 .debug_line    0x00000000      0x16a C:/Program Files (x86)/Atmel/Studio/7.0/Packs/atmel/ATmega_DFP/1.7.374/gcc/dev/atmega128/avr51/crtatmega128.o
 .debug_line    0x0000016a      0x1e7 heap_1.o
 .debug_line    0x00000351      0x20b list.o
 .debug_line    0x0000055c      0x129 main.o
 .debug_line    0x00000685      0x2d1 port.o
 .debug_line    0x00000956     0x1521 tasks.o

.debug_frame    0x00000000      0x80c
 *(.debug_frame)
 .debug_frame   0x00000000       0x78 heap_1.o
 .debug_frame   0x00000078       0x88 list.o
 .debug_frame   0x00000100       0x34 main.o
 .debug_frame   0x00000134       0x84 port.o
 .debug_frame   0x000001b8      0x654 tasks.o

.debug_str      0x00000000     0x11ea
 *(.debug_str)
 .debug_str     0x00000000      0x27d C:/Program Files (x86)/Atmel/Studio/7.0/Packs/atmel/ATmega_DFP/1.7.374/gcc/dev/atmega128/avr51/crtatmega128.o
 .debug_str     0x0000027d      0x217 heap_1.o
                                0x250 (size before relaxing)
 .debug_str     0x00000494      0x148 list.o
                                0x2cb (size before relaxing)
 .debug_str     0x000005dc       0x60 main.o
                                0x1f0 (size before relaxing)
 .debug_str     0x0000063c      0x134 port.o
                                0x2dc (size before relaxing)
 .debug_str     0x00000770      0xa7a tasks.o
                                0xe4a (size before relaxing)

.debug_loc      0x00000000     0x2c5f
 *(.debug_loc)
 .debug_loc     0x00000000       0xfb heap_1.o
 .debug_loc     0x000000fb      0x145 list.o
 .debug_loc     0x00000240       0x26 main.o
 .debug_loc     0x00000266      0x2a0 port.o
 .debug_loc     0x00000506     0x2759 tasks.o

.debug_macinfo
 *(.debug_macinfo)

.debug_weaknames
 *(.debug_weaknames)

.debug_funcnames
 *(.debug_funcnames)

.debug_typenames
 *(.debug_typenames)

.debug_varnames
 *(.debug_varnames)

.debug_pubtypes
 *(.debug_pubtypes)

.debug_ranges   0x00000000      0x2a8
 *(.debug_ranges)
 .debug_ranges  0x00000000       0x30 heap_1.o
 .debug_ranges  0x00000030       0x30 list.o
 .debug_ranges  0x00000060       0x18 main.o
 .debug_ranges  0x00000078       0x40 port.o
 .debug_ranges  0x000000b8      0x1f0 tasks.o

.debug_macro
 *(.debug_macro)
OUTPUT(LED_DEMO.elf elf32-avr)
LOAD linker stubs
